// Jest Snapshot v1, https://goo.gl/fbAQLP

exports[`Subscription UI Render Subscription UI component 1`] = `
<div
  id="subscription-page"
>
  <div
    className="container"
  >
    <div
      className="row"
    >
      <div
        className="warning"
      >
        <div>
          <i
            className="icon-ic_warning_24px"
          />
          <span>
            Transaction expired: over 10 munites for transaction
          </span>
        </div>
      </div>
      <CmsTable
        className=""
        data={Array []}
        mode="edit"
        onChange={[Function]}
        onSearch={[Function]}
        total={0}
      >
        <div
          className="cms-table-content"
        >
          <table
            className="table aviron-table action-table call-data-table"
          >
            <thead>
              <tr>
                <th>
                  #
                </th>
                <th>
                  Aviron key
                </th>
                <th>
                  Subscription type
                </th>
                <th>
                  Machine name
                </th>
                <th>
                  Machine id
                </th>
                <th>
                  Activated
                </th>
                <th>
                  Status
                </th>
                <th>
                  Next/Last bill date
                </th>
              </tr>
            </thead>
            <tbody />
          </table>
        </div>
      </CmsTable>
      <SubscriptionAddDialogUI
        setOpenAdd={[Function]}
        state={Object {}}
      />
      <SubscriptionCancelDialogUI
        setOpenCancel={[Function]}
        state={Object {}}
      />
    </div>
  </div>
</div>
`;
