// Jest Snapshot v1, https://goo.gl/fbAQLP

exports[`Equipment Overview Table UI Render Equipment Overview Table UI component 1`] = `
<CmsTable
  className="container"
  data={Array []}
  mode="edit"
  onChange={[Function]}
  onSearch={[Function]}
  total={0}
>
  <div
    className="cms-table-content"
  >
    <table
      className="table aviron-table action-table call-data-table"
    >
      <thead>
        <tr>
          <th>
            #
          </th>
          <th>
            Machine id
          </th>
          <th>
            Equipment name
          </th>
          <th>
            Model
          </th>
          <th>
            Last online
          </th>
          <th>
            App version
          </th>
          <th>
            OS version
          </th>
        </tr>
      </thead>
      <tbody />
    </table>
  </div>
</CmsTable>
`;
