// Jest Snapshot v1, https://goo.gl/fbAQLP

exports[`<CheckoutPaymentMethodUI /> Render Checkout UI component matches the snapshot 1`] = `
<div
  className="checkout-content"
>
  <div
    className="title"
  >
    Payment Method
  </div>
  <div
    className="row"
  >
    <div
      className="col-sm-4 col-xs-12"
    >
      <p>
        <b>
          Credit Card
        </b>
      </p>
    </div>
    <div
      className="col-md-8 col-xs-12 text-right"
    >
      <p>
        <img
          alt=""
          src="/images/user/payment-card.png"
        />
      </p>
    </div>
  </div>
  <br />
  <div
    className="row"
  >
    <div
      className="col-md-6 col-xs-12"
    >
      <p>
        Credit Card Number
      </p>
      <div
        className="input-group"
      >
        <input
          className="form-control"
          placeholder=""
          type="text"
        />
      </div>
    </div>
    <div
      className="col-md-3 col-xs-6"
    >
      <p>
        Exp (MM/YY)
      </p>
      <div
        className="input-group"
      >
        <input
          className="form-control"
          placeholder=""
          type="text"
        />
      </div>
    </div>
    <div
      className="col-md-3 col-xs-6"
    >
      <p>
        CCV/CVC
      </p>
      <div
        className="input-group"
      >
        <input
          aria-describedby="basic-addon2"
          className="form-control"
          placeholder=""
          type="text"
        />
        <span
          className="input-group-addon"
          id="basic-addon2"
        >
          <i
            className="icon-c-question"
          />
        </span>
      </div>
    </div>
  </div>
  <div
    className="row"
  >
    <div
      className="col-xs-12"
    >
      <p>
        Cardholder Name
      </p>
      <div
        className="input-group"
      >
        <input
          className="form-control"
          placeholder=""
          type="text"
        />
      </div>
    </div>
  </div>
  <div
    className="checkbox"
  >
    <label
      htmlFor="confirm"
    >
      <input
        name="confirm"
        type="checkbox"
        value=""
      />
      Billing address same as shipping
    </label>
  </div>
  <br />
  <div
    className="row"
  >
    <div
      className="col-xs-6"
    >
      <button
        className="btn btn-goback"
        onClick={[MockFunction]}
        type="button"
      >
        Back
      </button>
    </div>
    <div
      className="col-xs-6 text-right"
    >
      <button
        className="btn btn-pay"
        onClick={[MockFunction]}
        type="button"
      >
        Review order
      </button>
    </div>
  </div>
</div>
`;
